// Jest Snapshot v1, https://goo.gl/fbAQLP

exports[`<DashItems /> matches snapshot 1`] = `[Function]`;
